// Jest Snapshot v1, https://goo.gl/fbAQLP

exports[`@test: service methods checks * create test component meta * expected component 1`] = `
Object {
  "appearances": Array [
    "default",
    "custom",
  ],
  "states": Array [
    "checked",
    "disabled",
    "active",
  ],
  "variantGroups": Array [
    Array [
      "success",
      "info",
    ],
    Array [
      "small",
      "big",
    ],
  ],
}
`;

exports[`@test: service methods checks * create test component meta * unexpected component 1`] = `
Object {
  "appearances": Array [],
  "states": Array [],
  "variantGroups": Array [],
}
`;
